Using CPython 3.11.16
Creating virtual environment at: .venv
Resolved 109 packages in 1.00s
   Building mats-sft-rl-bias @ file:///workspace/sft_rl_intervention
Downloading networkx (2.0MiB)
Downloading sympy (6.0MiB)
Downloading pydantic-core (2.0MiB)
Downloading nvidia-cublas (403.5MiB)
Downloading fonttools (4.8MiB)
Downloading triton (188.5MiB)
Downloading tokenizers (3.2MiB)
Downloading pillow (6.6MiB)
Downloading nvidia-nccl-cu13 (196.4MiB)
Downloading nvidia-cuda-cupti (10.2MiB)
Downloading nvidia-nvjitlink (38.9MiB)
Downloading pandas (10.8MiB)
Downloading torch (502.2MiB)
Downloading nvidia-cusparselt-cu13 (162.3MiB)
Downloading kiwisolver (1.4MiB)
Downloading cuda-bindings (6.4MiB)
Downloading nvidia-cufft (204.2MiB)
Downloading pygments (1.2MiB)
Downloading nvidia-cuda-nvrtc (86.0MiB)
Downloading nvidia-cusparse (139.2MiB)
Downloading nvidia-curand (56.8MiB)
Downloading pyarrow (47.7MiB)
Downloading wandb (28.5MiB)
Downloading nvidia-cusolver (191.6MiB)
Downloading nvidia-nvshmem-cu13 (57.6MiB)
Downloading nvidia-cuda-runtime (2.1MiB)
Downloading aiohttp (1.7MiB)
Downloading hf-xet (4.3MiB)
Downloading nvidia-cufile (1.2MiB)
Downloading numpy (16.1MiB)
Downloading matplotlib (9.6MiB)
Downloading transformers (11.5MiB)
Downloading nvidia-cudnn-cu13 (349.2MiB)
 Downloaded nvidia-cufile
 Downloaded kiwisolver
 Downloaded aiohttp
 Downloaded pydantic-core
 Downloaded nvidia-cuda-runtime
 Downloaded pygments
 Downloaded tokenizers
 Downloaded networkx
 Downloaded hf-xet
 Downloaded fonttools
      Built mats-sft-rl-bias @ file:///workspace/sft_rl_intervention
 Downloaded pillow
 Downloaded cuda-bindings
 Downloaded sympy
 Downloaded matplotlib
 Downloaded nvidia-cuda-cupti
 Downloaded pandas
 Downloaded numpy
 Downloaded transformers
 Downloaded wandb
 Downloaded nvidia-nvjitlink
 Downloaded pyarrow
 Downloaded nvidia-curand
 Downloaded nvidia-nvshmem-cu13
 Downloaded nvidia-cuda-nvrtc
 Downloaded nvidia-cusparse
 Downloaded nvidia-cusparselt-cu13
 Downloaded triton
 Downloaded nvidia-cusolver
 Downloaded nvidia-nccl-cu13
 Downloaded nvidia-cufft
 Downloaded nvidia-cudnn-cu13
 Downloaded nvidia-cublas
 Downloaded torch
Prepared 97 packages in 47.57s
Installed 97 packages in 6.65s
 + accelerate==1.14.0
 + aiohappyeyeballs==2.7.1
 + aiohttp==3.14.3
 + aiosignal==1.4.0
 + annotated-doc==0.0.5
 + annotated-types==0.8.0
 + anyio==4.14.2
 + attrs==26.1.0
 + certifi==2026.7.22
 + charset-normalizer==3.5.1
 + click==8.5.0
 + contourpy==1.3.3
 + cuda-bindings==13.3.1
 + cuda-pathfinder==1.7.0
 + cuda-toolkit==13.0.3.0
 + cycler==0.12.1
 + datasets==5.0.1
 + dill==0.4.1
 + filelock==3.32.4
 + fonttools==4.63.0
 + frozenlist==1.8.0
 + fsspec==2026.6.0
 + h11==0.16.0
 + hf-xet==1.6.0
 + httpcore==1.0.9
 + httpx==0.28.1
 + huggingface-hub==1.28.0
 + idna==3.19
 + iniconfig==2.3.0
 + jinja2==3.1.6
 + kiwisolver==1.5.0
 + markdown-it-py==4.2.0
 + markupsafe==3.0.3
 + matplotlib==3.11.1
 + mats-sft-rl-bias==0.1.0 (from file:///workspace/sft_rl_intervention)
 + mdurl==0.1.2
 + mpmath==1.3.0
 + multidict==6.7.1
 + multiprocess==0.70.19
 + networkx==3.6.1
 + numpy==2.4.6
 + nvidia-cublas==13.1.1.3
 + nvidia-cuda-cupti==13.0.85
 + nvidia-cuda-nvrtc==13.0.88
 + nvidia-cuda-runtime==13.0.96
 + nvidia-cudnn-cu13==9.20.0.48
 + nvidia-cufft==12.0.0.61
 + nvidia-cufile==1.15.1.6
 + nvidia-curand==10.4.0.35
 + nvidia-cusolver==12.0.4.66
 + nvidia-cusparse==12.6.3.3
 + nvidia-cusparselt-cu13==0.8.1
 + nvidia-nccl-cu13==2.29.7
 + nvidia-nvjitlink==13.3.33
 + nvidia-nvshmem-cu13==3.4.5
 + nvidia-nvtx==13.0.85
 + opentelemetry-api==1.44.0
 + packaging==26.3
 + pandas==3.0.5
 + peft==0.20.0
 + pillow==12.3.0
 + platformdirs==4.11.4
 + pluggy==1.6.0
 + propcache==0.5.2
 + protobuf==7.36.0
 + psutil==7.2.2
 + pyarrow==25.0.1
 + pydantic==2.13.4
 + pydantic-core==2.46.4
 + pygments==2.21.0
 + pyparsing==3.3.2
 + pytest==9.1.1
 + python-dateutil==2.9.0.post0
 + pyyaml==6.0.3
 + regex==2026.7.19
 + requests==2.34.2
 + rich==15.0.0
 + safetensors==0.8.0
 + seaborn==0.13.2
 + sentry-sdk==2.68.1
 + setuptools==84.0.0
 + shellingham==1.5.4
 + six==1.17.0
 + sympy==1.14.0
 + tokenizers==0.23.1
 + torch==2.13.0
 + tqdm==4.70.0
 + transformers==5.16.1
 + triton==3.7.1
 + trl==1.12.0
 + typer==0.27.1
 + typing-extensions==4.16.0
 + typing-inspection==0.4.4
 + urllib3==2.7.0
 + wandb==0.29.0
 + xxhash==4.0.1
 + yarl==1.24.5
test_checked_in_configs_parse (test_core.ConfigFileTests.test_checked_in_configs_parse) ... ok
test_splits_are_disjoint_and_deterministic (test_core.DataTests.test_splits_are_disjoint_and_deterministic) ... ok
test_bootstrap_is_deterministic (test_core.NumericalTests.test_bootstrap_is_deterministic) ... ok
test_e3_primary_metric_is_kl_reduction_toward_sft (test_core.NumericalTests.test_e3_primary_metric_is_kl_reduction_toward_sft) ... ok
test_globality (test_core.NumericalTests.test_globality) ... ok
test_grpo_viability_gate_uses_mixed_reward_groups (test_core.NumericalTests.test_grpo_viability_gate_uses_mixed_reward_groups) ... ok
test_kl (test_core.NumericalTests.test_kl) ... ok
test_mvp_checkpoint_matching (test_core.NumericalTests.test_mvp_checkpoint_matching) ... ok
test_mvp_selection_uses_discovery_only_and_requires_e1 (test_core.NumericalTests.test_mvp_selection_uses_discovery_only_and_requires_e1) ... ok
test_run_directory_contract (test_core.ResultContractTests.test_run_directory_contract) ... ok
test_answer_formats (test_core.RewardTests.test_answer_formats) ... ok
test_intrusion_proxy (test_core.RewardTests.test_intrusion_proxy) ... ok

----------------------------------------------------------------------
Ran 12 tests in 3.705s

OK
{
  "config_fingerprint": "59705e1d0a",
  "splits": {
    "train": 128,
    "task_test": 64,
    "probe": 64,
    "old": 64
  }
}
{
  "config_fingerprint": "079231c9a9",
  "status": "valid"
}
{
  "config_fingerprint": "91cc598317",
  "status": "valid"
}
torch=2.13.0+cu130
cuda_available=True
cuda_device_count=1
cuda_device_0=NVIDIA A100-PCIE-40GB
Remote environment is ready at /workspace/sft_rl_intervention/.venv
